[www.amazon.co.uk/HP-15s-fq0024na-15-6-Inch-Laptop/dp/B083T1XB4B/ref=sr_1_94a15.html]
[backblue.gif]
[fade.gif]
[index.html]
[m.media-amazon.com/images/G/01/AUIClients/AmazonUIIcon-sprite_1x-e9434610f810a3a99b3f0e49c1b938c9d76628b8._V2_.png]
[images-eu.ssl-images-amazon.com/images/I/61-6nKPKyWLdce7.js]
[images-eu.ssl-images-amazon.com/images/I/51U6oQUnN6L4221.js]
[images-eu.ssl-images-amazon.com/images/G/02/gno/sprites/nav-sprite-global_bluebeacon-1x_optimized_layout1._CB468502434_.png]
[images-eu.ssl-images-amazon.com/images/G/02/javascripts/lib/popover/images/snake._CB485935565_.gif]
[images-eu.ssl-images-amazon.com/images/G/02/gno/sprites/timeline_sprite_1x._CB439968193_.png]
[www.amazon.co.uk/HP-15s-fq0024na-15-6-Inch-Laptop/dp/B083T1XB4B/sp.load.html]
[www.amazon.co.uk/HP-15s-fq0024na-15-6-Inch-Laptop/dp/B083T1XB4B/@p/index.html]
[images-eu.ssl-images-amazon.com/images/I/21Z7e-BNrlL._RC_71HxPEdMx9L.css,21TJB5pc5TL.css,31DAr4NkZQL.css,21lRUdwotiL.css,41tc24mJIGL.css,11G4HxMtMSL.css,31OvHRW+XiL.css,01XHMOHpK1L.css_d5af.css]
[www.amazon.co.uk/HP-15s-fq0024na-15-6-Inch-Laptop/dp/B083T1XB4B/@c/index.html]
[images-na.ssl-images-amazon.com/images/G/01/javascripts/lib/popover/images/po_left_17._V1_.png]
[g-ec2.images-amazon.com/images/G/01/common/sprites/sprite-autorip-icon._V338213240_.png]
[m.media-amazon.com/images/G/01/pw/pw_badge_mini._CB1580925414_.png]
[images-na.ssl-images-amazon.com/images/G/01/replacement-parts/rpp-info-icon.png]
[images-eu.ssl-images-amazon.com/images/G/03/productAds/pa_feedback_bubble.png]
[m.media-amazon.com/images/G/01/AUIClients/DeliveryStaticPackard-pin_desktop_1x-c944b6819f9e5642fdfd4ff3d1109d60d66d8f87._V2_.png]
[m.media-amazon.com/images/G/01/AUIClients/BurjDesktopAssets-burjSprite-eaed2442e6aae5d847ed1e5f41afdad81193ba35._V2_.png]
[images-na.ssl-images-amazon.com/images/G/01/navcart/spinner-white._V4_.gif]
[images-na.ssl-images-amazon.com/images/G/01/baby/registry/jumpstart/jumpstart-bg.png]
[m.media-amazon.com/images/G/01/AUIClients/PrivateLabelDesktopAssets-yumImages-dd0afa951c938e964b12ce982cd0629b36dc3276._V2_.png]
[m.media-amazon.com/images/G/01/AUIClients/AmazonCustomAdditionalAssets-sprite-c8f2329bf875c3b97a22d60394bb194ba02a57d0._V2_.png]
[g-ec2.images-amazon.com/images/G/01/ProductCustomization/ui-images/down-arrow-shadow-v2._V339886439_.png]
[images-eu.ssl-images-amazon.com/images/I/41IK8om96mL4538.js]
[images-eu.ssl-images-amazon.com/images/I/61DteVpqZ2L6d73.js]
[images-eu.ssl-images-amazon.com/images/I/917RD+vWsALd84f.js]
[images-eu.ssl-images-amazon.com/images/I/61xlS6peMVLee78.js]
[images-eu.ssl-images-amazon.com/images/I/41THdNCw4OL._RC_31iWhmLNdPL.js_0536.js]
[images-eu.ssl-images-amazon.com/images/G/02/x-locale/communities/tags/graysnake._CB485934256_.gif]
[images-eu.ssl-images-amazon.com/images/G/02/electronics/click2call/click2call-sprite._CB485946145_.png]
[images-eu.ssl-images-amazon.com/images/G/02/electronics/click2call/sprite-click2call._CB485934115_.png]
[images-eu.ssl-images-amazon.com/images/G/02/common/sprites/sprite-site-wide._CB485929154_.png]
[images-eu.ssl-images-amazon.com/images/G/02/common/sprites/sprite-dp-2._CB485925629_.png]
[images-eu.ssl-images-amazon.com/images/G/02/x-locale/communities/wishlist/add-to-wl-button-sprite.gif]
[images-eu.ssl-images-amazon.com/images/G/02/common/sprites/sprite-site-wide-2._CB461624638_.png]
[images-eu.ssl-images-amazon.com/images/G/02/nav2/images/sprite-carousel-btns-stars2.png]
[images-eu.ssl-images-amazon.com/images/G/02/SellerForums/amz/images/help-16x16._CB485933626_.gif]
[images-eu.ssl-images-amazon.com/images/G/02/x-locale/communities/customerimage/shuttle-gradient._CB485934796_.gif]
[images-eu.ssl-images-amazon.com/images/G/02/gateway/csw/tri-down._CB485946731_.png]
[images-eu.ssl-images-amazon.com/images/G/02/nav2/finders/finder-fits-sprites._CB485937009_.gif]
[images-eu.ssl-images-amazon.com/images/G/02/common/sprites/sprite-communities._CB485971415_.png]
[images-eu.ssl-images-amazon.com/images/G/02/common/sprites/sprite-media-platform._CB485924676_.png]
[images-eu.ssl-images-amazon.com/images/G/02/x-locale/common/transparent-pixel._CB485934990_.gif]
[images-eu.ssl-images-amazon.com/images/G/02/Gateway/C19/COVID-19-SWM-revised._CB420400949_.jpg]
[images-eu.ssl-images-amazon.com/images/G/02/uk_xsite2020/DEX/ILM_22_03/Desktop_low._CB419811193_.png]
[images-eu.ssl-images-amazon.com/images/G/02/uk_xsite2020/DEX/ILM_22_03/UK_DD_ILMs_22_3_v3_Desktop._CB419811192_.png]
[www.amazon.co.uk/HP-15s-fq0024na-15-6-Inch-Laptop/dp/B083T1XB4B/POST.html]
[images-eu.ssl-images-amazon.com/images/G/02/ape/sf/desktop/DAsf-1.50.2b9a27d._V435236196_fe50.js]
[images-eu.ssl-images-amazon.com/images/G/02/ape/sf/rtd/safeframeRtd-1.50.2b9a27d._V435236192_.js]
[www.amazon.co.uk/HP-15s-fq0024na-15-6-Inch-Laptop/dp/B083T1XB4B/sp.load.critical.html]
[images-na.ssl-images-amazon.com/images/I/41Z+ANTcypL._AC_US40_.jpg]
[images-na.ssl-images-amazon.com/images/I/41qg3H3zS2L._AC_US40_.jpg]
[images-na.ssl-images-amazon.com/images/I/41ydaYjNO6L._AC_US40_.jpg]
[images-na.ssl-images-amazon.com/images/I/31Jamvq4rPL._AC_US40_.jpg]
[images-na.ssl-images-amazon.com/images/I/41q-IFpLfZL._AC_US40_.jpg]
[images-na.ssl-images-amazon.com/images/I/41TWfz+MTGL._AC_US40_.jpg]
[images-na.ssl-images-amazon.com/images/G/01/x-locale/common/transparent-pixel._V192234675_.gif]
[m.media-amazon.com/images/G/01/vap/video/airy2/prod/2.0.1460.0/js/airy.skin._CB485981857_.js]
[m.media-amazon.com/images/G/01/vap/video/airy2/prod/2.0.1460.0/css/beacon._CB485971591_.css]
[images-eu.ssl-images-amazon.com/images/I/31++rH2ffAL49cb.js]
[images-eu.ssl-images-amazon.com/images/I/31VR11jQ1XL23ba.js]
[images-eu.ssl-images-amazon.com/images/I/719cDp2uiFL9dd3.js]
[images-eu.ssl-images-amazon.com/images/I/31pL+UX7h1L7876.js]
[images-na.ssl-images-amazon.com/images/I/41Z+ANTcypL._AC_.jpg]
[images-na.ssl-images-amazon.com/images/I/81EWAIxa7XL._AC_SL1500_.jpg]
[images-na.ssl-images-amazon.com/images/I/41qg3H3zS2L._AC_.jpg]
[images-na.ssl-images-amazon.com/images/I/81ga6rRauNL._AC_SL1500_.jpg]
[images-na.ssl-images-amazon.com/images/I/41ydaYjNO6L._AC_.jpg]
[images-na.ssl-images-amazon.com/images/I/81GlY4y6cPL._AC_SL1500_.jpg]
[images-na.ssl-images-amazon.com/images/I/31Jamvq4rPL._AC_.jpg]
[images-na.ssl-images-amazon.com/images/I/71jiOFHF6LL._AC_SL1500_.jpg]
[images-na.ssl-images-amazon.com/images/I/41q-IFpLfZL._AC_.jpg]
[images-na.ssl-images-amazon.com/images/I/7184SH54HkL._AC_SL1500_.jpg]
[images-na.ssl-images-amazon.com/images/I/41TWfz+MTGL._AC_.jpg]
[images-na.ssl-images-amazon.com/images/I/81z+ALfwL8L._AC_SL1500_.jpg]
[images-na.ssl-images-amazon.com/images/I/411nv3l-DCL._AC_.jpg]
[images-na.ssl-images-amazon.com/images/I/411nv3l-DCL._AC_US40_.jpg]
[images-na.ssl-images-amazon.com/images/I/71ST2T6zIUL._AC_SL1500_.jpg]
[images-na.ssl-images-amazon.com/images/G/02/apparel/rcxgs/tile._CB483369956_.gif]
[images-na.ssl-images-amazon.com/images/G/02/javascripts/lib/popover/images/light/sprite-vertical-popover-arrow._CB485933104_.png]
[images-na.ssl-images-amazon.com/images/G/02/Quarterdeck/en_US/images/video._CB485933172_SS40_.jpg]
[images-na.ssl-images-amazon.com/images/G/02/ui/loadIndicators/loading-large._CB485945341_.gif]
[images-na.ssl-images-amazon.com/images/G/02/HomeCustomProduct/360_icon_73x73v2._CB485971309_SS40_.jpg]
[m.media-amazon.com/images/I/41yHJUeuySL._AC_SR160,160_.jpg]
[m.media-amazon.com/images/I/41cmsGvKptL._AC_SR160,160_.jpg]
[m.media-amazon.com/images/I/51nCkKIx9lL._AC_SR160,160_.jpg]
[m.media-amazon.com/images/I/51KTRpZFBpL._AC_SR160,160_.jpg]
[m.media-amazon.com/images/I/41TJ-ggdIJL._AC_SR160,160_.jpg]
[m.media-amazon.com/images/I/41DvkeX9VzL._AC_SR160,160_.jpg]
[m.media-amazon.com/images/I/41ZAu6ZvEeL._AC_SR160,160_.jpg]
[m.media-amazon.com/images/I/41Vf9mDVk6L._AC_SR160,160_.jpg]
[m.media-amazon.com/images/I/31tQiPkye9L._AC_SR160,160_.jpg]
[m.media-amazon.com/images/I/41DiMlwmZ2L._AC_SR160,160_.jpg]
[images-na.ssl-images-amazon.com/images/G/01/x-locale/common/grey-pixel.gif]
[m.media-amazon.com/images/S/aplus-media/vc/6231b661-d546-47cf-a96c-78076bf7559c.__CR0,0,1940,600_PT0_SX970_V1___.jpg]
[m.media-amazon.com/images/S/aplus-media/vc/2618885b-9c64-4815-9907-b9a21d4e6770.__CR0,0,800,1067_PT0_SX300_V1___.jpg]
[m.media-amazon.com/images/S/aplus-media/vc/9b68422c-d7a8-4e7d-9648-35934567eccf.__CR0,0,1400,700_PT0_SX350_V1___.jpg]
[m.media-amazon.com/images/S/aplus-media/vc/144cfe5e-f916-4220-b467-6be9f8e5c3a3.__CR700,419,789,789_PT0_SX300_V1___.jpg]
[m.media-amazon.com/images/S/aplus-media/vc/af3d6224-270e-43d7-a750-73241f05c167.__CR88,260,865,865_PT0_SX300_V1___.jpg]
[m.media-amazon.com/images/S/aplus-media/vc/716fd3a5-c415-476c-b723-2597273868f4.__CR45,45,909,909_PT0_SX300_V1___.jpg]
[m.media-amazon.com/images/S/aplus-media/vc/6bb010e2-2908-4d77-83a1-b7f19ec018ab.__CR0,0,1000,1000_PT0_SX220_V1___.jpg]
[m.media-amazon.com/images/S/aplus-media/vc/de86b654-2c46-43f5-82fd-1fe916882133.__CR0,0,1000,1000_PT0_SX220_V1___.jpg]
[m.media-amazon.com/images/S/aplus-media/vc/1fc63519-02d3-427c-9490-76625f4f1b4f.__CR0,0,1000,1000_PT0_SX220_V1___.jpg]
[m.media-amazon.com/images/S/aplus-media/vc/94c67793-b670-438b-ac84-2583483bc3ca.__CR517,198,476,476_PT0_SX220_V1___.jpg]
[images-eu.ssl-images-amazon.com/images/I/311+NUiljjL._RC_51vjeJQchWL.js_42d2.js]
[images-eu.ssl-images-amazon.com/images/G/02/ui/loadIndicators/loadIndicator-large._CB485943885_.gif]
[images-eu.ssl-images-amazon.com/images/I/11omjJhwsqL57fe.js]
[images-eu.ssl-images-amazon.com/images/I/01LAv8I1AxL._RC_015DCfR+jFL.css,01LKsGfpclL.css,01PTkp9JOCL.css,01cdXa5nSoL.css_dd35.css]
[images-eu.ssl-images-amazon.com/images/S/amazon-avatars-global/default._CR0,0,1024,1024_SX48_.jpg]
[images-eu.ssl-images-amazon.com/images/I/31jrTgUO2GLee78.css]
[images-eu.ssl-images-amazon.com/images/I/01mqQVb87-L0536.css]
[images-eu.ssl-images-amazon.com/images/I/41THdNCw4OLf1ba.js]
[images-eu.ssl-images-amazon.com/images/G/02/x-locale/common/buy-buttons/review-1-click-order._CB485945735_.gif]
[images-eu.ssl-images-amazon.com/images/G/02/x-locale/common/buttons/continue-shopping._CB485936077_.gif]
[images-eu.ssl-images-amazon.com/images/G/02/x-locale/common/buy-buttons/thank-you-elbow._CB485935931_.gif]
[images-eu.ssl-images-amazon.com/images/G/02/x-locale/communities/social/snwicons_v2._CB478838660_.png]
[images-eu.ssl-images-amazon.com/images/G/02/checkout/assets/carrot._CB485936866_.gif]
[images-eu.ssl-images-amazon.com/images/G/02/checkout/thank-you-page/assets/yellow-rounded-corner-sprite._CB485934175_.gif]
[images-eu.ssl-images-amazon.com/images/G/02/checkout/thank-you-page/assets/white-rounded-corner-sprite._CB485935372_.gif]
[images-eu.ssl-images-amazon.com/images/G/02/Recommendations/MissionExperience/BIA/bia-atc-confirm-icon._CB485946440_.png]
[images-eu.ssl-images-amazon.com/images/G/02/authportal/common/images/amazon_logo_no-org_mid._CB485934514_.png]
[images-eu.ssl-images-amazon.com/images/G/02/authportal/flex/reduced-nav/ap-flex-reduced-nav-2.0._CB485968672_.js]
[images-eu.ssl-images-amazon.com/images/G/02/authportal/flex/reduced-nav/ap-flex-reduced-nav-2.1._CB485967762_.css]
[images-eu.ssl-images-amazon.com/images/G/02/x-locale/common/buttons/sign-in-secure._CB485941596_.gif]
[images-eu.ssl-images-amazon.com/images/G/02/x-locale/common/login/fwcim._CB481732319_.js]
[images-eu.ssl-images-amazon.com/images/G/02/x-locale/redirect-overlay/redirect-overlay-nav-https-20200206._CB422684285_.css]
[images-eu.ssl-images-amazon.com/images/I/11VbV++KhQL7f43.js]
[images-eu.ssl-images-amazon.com/images/G/02/personalization/ybh/loading-4x-gray._CB485916908_.gif]
[images-eu.ssl-images-amazon.com/images/I/11QVEVR-F9L0e08.js]
[images-eu.ssl-images-amazon.com/images/I/31BVuidgT8L.js]
[m.media-amazon.com/images/G/01/csm/showads.v2.js]
[www.amazon.co.uk/HP-15s-fq0024na-15-6-Inch-Laptop/dp/B083T1XB4B/ref=sr_1_94a15.html]
[c.amazon-adsystem.com/bao-csm/forensics/a9-tq-forensics.min.js]
[www.amazon.co.uk/HP-15s-fq0024na-15-6-Inch-Laptop/dp/B083T1XB4B/GET.html]
[www.amazon.co.uk/HP-15s-fq0024na-15-6-Inch-Laptop/dp/B083T1XB4B/@c/@p/index.html]
[www.amazon.co.uk/HP-15s-fq0024na-15-6-Inch-Laptop/dp/B083T1XB4B/@c/sp.load.html]
[www.amazon.co.uk/HP-15s-fq0024na-15-6-Inch-Laptop/dp/B083T1XB4B/@c/@c/index.html]
[www.amazon.co.uk/HP-15s-fq0024na-15-6-Inch-Laptop/dp/B083T1XB4B/@c/sp.load.critical.html]
[www.amazon.co.uk/HP-15s-fq0024na-15-6-Inch-Laptop/dp/B083T1XB4B/@c/POST.html]
[images-na.ssl-images-amazon.com/images/G/01/vap/video/airy2/prod/2.0.1460.0/js/airy.skin._CB485981857_.js]
[images-na.ssl-images-amazon.com/images/G/01/vap/video/airy2/prod/2.0.1460.0/css/beacon._CB485971591_.css]
[www.amazon.co.uk/HP-15s-fq0024na-15-6-Inch-Laptop/dp/B083T1XB4B/@c/index.html]
[www.amazon.co.uk/HP-15s-fq0024na-15-6-Inch-Laptop/dp/B083T1XB4B/@c/GET.html]
[m.media-amazon.com/images/I/61-6nKPKyWLdce7.js]
[m.media-amazon.com/images/I/51U6oQUnN6L4221.js]
[www.amazon.co.uk/HP-15s-fq0024na-15-6-Inch-Laptop/dp/B083T1XB4B/@p/@c/index.html]
[www.amazon.co.uk/HP-15s-fq0024na-15-6-Inch-Laptop/dp/B083T1XB4B/@p/sp.load.html]
[www.amazon.co.uk/HP-15s-fq0024na-15-6-Inch-Laptop/dp/B083T1XB4B/@p/@p/index.html]
[www.amazon.co.uk/HP-15s-fq0024na-15-6-Inch-Laptop/dp/B083T1XB4B/@p/sp.load.critical.html]
[www.amazon.co.uk/HP-15s-fq0024na-15-6-Inch-Laptop/dp/B083T1XB4B/@p/POST.html]
[www.amazon.co.uk/HP-15s-fq0024na-15-6-Inch-Laptop/dp/B083T1XB4B/@p/index.html]
[www.amazon.co.uk/HP-15s-fq0024na-15-6-Inch-Laptop/dp/B083T1XB4B/sp.load.html]
[images-eu.ssl-images-amazon.com/images/I/61-6nKPKyWLdce7.js]
[images-eu.ssl-images-amazon.com/images/I/51U6oQUnN6L4221.js]
[m.media-amazon.com/images/G/01/AUIClients/P13NSharedSitewideCSS-loading_4x_gray-fa91375275e3e1c8fcd8f79bcae5d85593a33c67._V2_.gif]
[www.amazon.co.uk/HP-15s-fq0024na-15-6-Inch-Laptop/dp/B083T1XB4B/@p/GET.html]
[m.media-amazon.com/images/G/01/AUIClients/RecentHistoryFooterCSS-beacon_sprite-553793e4d98e5a3c349047b9d9097eecf5d799d9._V2_.png]
[m.media-amazon.com/images/G/01/AUIClients/InternationalCustomerPreferencesNavAssets-icp_sprite-0b528ccc99b2eed18447291de6df851bc2c6fe68._V2_.png]
[m.media-amazon.com/images/G/01/AUIClients/GLUXAssets-pin-085ac89684faf6d0e965366a342f1eb909bb421a._V2_.png]
[images-na.ssl-images-amazon.com/images/G/01/associates/publisher-studio/sitestripe-sprite-new.png]
[images-eu.ssl-images-amazon.com/images/I/21Z7e-BNrlL._RC_71HxPEdMx9L.css,21TJB5pc5TL.css,31DAr4NkZQL.css,21lRUdwotiL.css,41tc24mJIGL.css,11G4HxMtMSL.css,31OvHRW+XiL.css,01XHMOHpK1L.css_d5af.css]
[m.media-amazon.com/images/G/01/pantry/pantry-box-sprite-percent-large.html]
[images-eu.ssl-images-amazon.com/images/I/41IK8om96mL4538.js]
[images-eu.ssl-images-amazon.com/images/I/61DteVpqZ2L6d73.js]
[www.amazon.co.uk/HP-15s-fq0024na-15-6-Inch-Laptop/dp/B083T1XB4B/SET_ADD_TO_CART_URL.html]
[www.amazon.co.uk/HP-15s-fq0024na-15-6-Inch-Laptop/dp/B083T1XB4B/Silk/index.html]
[images-eu.ssl-images-amazon.com/images/I/917RD+vWsALd84f.js]
[images-eu.ssl-images-amazon.com/images/I/61xlS6peMVLee78.js]
[images-eu.ssl-images-amazon.com/images/I/41THdNCw4OL._RC_31iWhmLNdPL.js_0536.js]
[images-eu.ssl-images-amazon.com/images/G/02/x-locale/communities/wishlist/add-to-wl-button-sprite.gif]
[images-eu.ssl-images-amazon.com/images/G/02/nav2/images/sprite-carousel-btns-stars2.png]
[www.amazon.co.uk/HP-15s-fq0024na-15-6-Inch-Laptop/dp/B083T1XB4B/sp.load.critical.html]
[www.amazon.co.uk/HP-15s-fq0024na-15-6-Inch-Laptop/dp/B083T1XB4B/POST.html]
[m.media-amazon.com/images/G/01/vap/video/airy2/prod/2.0.1460.0/images/transparent-pixel._TTW_.png]
[www.amazon.co.uk/HP-15s-fq0024na-15-6-Inch-Laptop/dp/B083T1XB4B/SET_IMAGE_UPLOAD_POLICY_URL.html]
[m.media-amazon.com/images/G/01/vap/video/airy2/prod/2.0.1460.0/images/beacon._TTW_.png]
[m.media-amazon.com/images/G/01/vap/video/airy2/prod/2.0.1460.0/css/beacon._CB485971591_.css]
[images-eu.ssl-images-amazon.com/images/I/31++rH2ffAL49cb.js]
[images-eu.ssl-images-amazon.com/images/I/31VR11jQ1XL23ba.js]
[images-eu.ssl-images-amazon.com/images/I/719cDp2uiFL9dd3.js]
[images-eu.ssl-images-amazon.com/images/I/31pL+UX7h1L7876.js]
[images-eu.ssl-images-amazon.com/images/I/311+NUiljjL._RC_51vjeJQchWL.js_42d2.js]
[images-eu.ssl-images-amazon.com/images/I/11omjJhwsqL57fe.js]
[www.amazon.co.uk/HP-15s-fq0024na-15-6-Inch-Laptop/dp/B083T1XB4B/SET_ADD_TO_LIST_URL.html]
[www.amazon.co.uk/HP-15s-fq0024na-15-6-Inch-Laptop/dp/B083T1XB4B/SET_WISHLIST_URL.html]
[images-na.ssl-images-amazon.com/images/G/01/amazonui/loading/spinner_4x._V1_.gif]
[images-eu.ssl-images-amazon.com/images/I/01LAv8I1AxL._RC_015DCfR+jFL.css,01LKsGfpclL.css,01PTkp9JOCL.css,01cdXa5nSoL.css_dd35.css]
[images-eu.ssl-images-amazon.com/images/I/31jrTgUO2GLee78.css]
[images-eu.ssl-images-amazon.com/images/I/01mqQVb87-L0536.css]
[images-eu.ssl-images-amazon.com/images/I/41THdNCw4OLf1ba.js]
[images-na.ssl-images-amazon.com/images/G/01/javascripts/lib/popover/images/btn_close.gif]
[images-eu.ssl-images-amazon.com/images/G/02/authportal/flex/reduced-nav/ap-flex-reduced-nav-2.0._CB485968672_.js]
[images-na.ssl-images-amazon.com/images/G/01/x-locale/common/errors-alerts/error-sprite.gif]
[images-na.ssl-images-amazon.com/images/G/01/x-locale/common/errors-alerts/error-sprite-mini.gif]
[images-na.ssl-images-amazon.com/images/G/03/x-locale/common/errors-alerts/error-sprite-mini.gif]
[images-na.ssl-images-amazon.com/images/G/30/x-locale/common/errors-alerts/error-sprite-mini.gif]
[images-na.ssl-images-amazon.com/images/G/08/x-locale/common/errors-alerts/error-sprite-mini.gif]
[images-na.ssl-images-amazon.com/images/G/02/x-locale/common/errors-alerts/error-sprite-mini.gif]
[images-na.ssl-images-amazon.com/images/G/31/x-locale/common/errors-alerts/error-sprite-mini.gif]
[images-na.ssl-images-amazon.com/images/G/29/x-locale/common/errors-alerts/error-sprite-mini.gif]
[images-na.ssl-images-amazon.com/images/G/09/x-locale/common/errors-alerts/error-sprite-mini.gif]
[images-na.ssl-images-amazon.com/images/G/01/ui/loadIndicators/loadIndicator-label.gif]
[images-na.ssl-images-amazon.com/images/G/03/ui/loadIndicators/loadIndicator-label.gif]
[images-na.ssl-images-amazon.com/images/G/30/ui/loadIndicators/loadIndicator-label.gif]
[images-na.ssl-images-amazon.com/images/G/08/ui/loadIndicators/loadIndicator-label.gif]
[images-na.ssl-images-amazon.com/images/G/02/ui/loadIndicators/loadIndicator-label.gif]
[images-na.ssl-images-amazon.com/images/G/31/ui/loadIndicators/loadIndicator-label.gif]
[images-na.ssl-images-amazon.com/images/G/29/ui/loadIndicators/loadIndicator-label.gif]
[images-na.ssl-images-amazon.com/images/G/09/ui/loadIndicators/loadIndicator-label.gif]
[images-na.ssl-images-amazon.com/images/G/01/javascripts/lib/popover/images/po_left.png]
[images-na.ssl-images-amazon.com/images/G/01/javascripts/lib/popover/images/po_right.png]
[images-na.ssl-images-amazon.com/images/G/01/javascripts/lib/popover/images/po_top_left.png]
[images-na.ssl-images-amazon.com/images/G/01/javascripts/lib/popover/images/po_top_right.png]
[images-na.ssl-images-amazon.com/images/G/01/javascripts/lib/popover/images/po_top.png]
[images-na.ssl-images-amazon.com/images/G/01/javascripts/lib/popover/images/po_bottom_left.png]
[images-na.ssl-images-amazon.com/images/G/01/javascripts/lib/popover/images/po_bottom_right.png]
[images-na.ssl-images-amazon.com/images/G/01/javascripts/lib/popover/images/po_bottom.png]
[images-na.ssl-images-amazon.com/images/G/01/webservices/orange_bullet.png]
[images-na.ssl-images-amazon.com/images/G/01/gno/images/orangeBlue/navPackedSprites-US-22._V183711640_.png]
[images-na.ssl-images-amazon.com/images/G/08/gno/images/orangeBlue/navPackedSprites-FR-15._V202471902_.png]
[images-na.ssl-images-amazon.com/images/G/15/gno/images/orangeBlue/navPackedSprites-CA-15._V202471501_.png]
[images-na.ssl-images-amazon.com/images/G/02/gno/images/orangeBlue/navPackedSprites-UK-15._V202471918_.png]
[images-na.ssl-images-amazon.com/images/G/03/gno/images/orangeBlue/navPackedSprites-DE-15._V202471931_.png]
[images-na.ssl-images-amazon.com/images/G/29/gno/images/orangeBlue/navPackedSprites-IT-02._V201174301_.png]
[images-na.ssl-images-amazon.com/images/G/30/gno/images/orangeBlue/navPackedSprites-ES-03._V156600418_.png]
[images-na.ssl-images-amazon.com/images/G/09/gno/images/orangeBlue/navPackedSprites-JP-15._V202471850_.png]
[images-na.ssl-images-amazon.com/images/G/01/authportal/common/images/amznbtn-sprite03._V395592492_.png]
[images-eu.ssl-images-amazon.com/images/G/02/authportal/flex/reduced-nav/ap-flex-reduced-nav-2.1._CB485967762_.css]
[images-eu.ssl-images-amazon.com/images/G/02/x-locale/common/login/fwcim._CB481732319_.js]
[images-na.ssl-images-amazon.com/images/G/01/x-locale/redirect-overlay/1x1-000-50._CB336787293_.png]
[images-na.ssl-images-amazon.com/images/G/01/x-locale/redirect-overlay/pop/beacon_header._CB336787200_.png]
[images-na.ssl-images-amazon.com/images/G/01/x-locale/redirect-overlay/pop/beacon_footer._CB336787200_.png]
[images-na.ssl-images-amazon.com/images/G/01/x-locale/redirect-overlay/aui_sprite_0012_1x._CB336787293_.png]
[images-na.ssl-images-amazon.com/images/G/01/x-locale/redirect-overlay/button/a-pri-40-sprite._CB336786579_.png]
[images-na.ssl-images-amazon.com/images/G/01/x-locale/redirect-overlay/button/a-pri-left._CB336786578_.png]
[images-na.ssl-images-amazon.com/images/G/01/x-locale/redirect-overlay/button/a-pri-center._CB336786579_.png]
[images-na.ssl-images-amazon.com/images/G/01/x-locale/redirect-overlay/button/a-pri-right._CB336786578_.png]
[images-na.ssl-images-amazon.com/images/G/01/x-locale/redirect-overlay/button/a-pri-hover-left._CB336786579_.png]
[images-na.ssl-images-amazon.com/images/G/01/x-locale/redirect-overlay/button/a-pri-hover-center._CB336786578_.png]
[images-na.ssl-images-amazon.com/images/G/01/x-locale/redirect-overlay/button/a-pri-hover-right._CB336786579_.png]
[images-na.ssl-images-amazon.com/images/G/01/x-locale/redirect-overlay/button/a-pri-active-left._CB336786579_.png]
[images-na.ssl-images-amazon.com/images/G/01/x-locale/redirect-overlay/button/a-pri-active-center._CB336786578_.png]
[images-na.ssl-images-amazon.com/images/G/01/x-locale/redirect-overlay/button/a-pri-active-right._CB336786579_.png]
[images-na.ssl-images-amazon.com/images/G/01/x-locale/redirect-overlay/button/a-sec-left._CB336786579_.png]
[images-na.ssl-images-amazon.com/images/G/01/x-locale/redirect-overlay/button/a-sec-center._CB336786578_.png]
[images-na.ssl-images-amazon.com/images/G/01/x-locale/redirect-overlay/button/a-sec-right._CB336786579_.png]
[images-na.ssl-images-amazon.com/images/G/01/x-locale/redirect-overlay/button/a-sec-hover-left._CB336786579_.png]
[images-na.ssl-images-amazon.com/images/G/01/x-locale/redirect-overlay/button/a-sec-hover-center._CB336786578_.png]
[images-na.ssl-images-amazon.com/images/G/01/x-locale/redirect-overlay/button/a-sec-hover-right._CB336786579_.png]
[images-na.ssl-images-amazon.com/images/G/01/x-locale/redirect-overlay/button/a-sec-active-left._CB336786578_.png]
[images-na.ssl-images-amazon.com/images/G/01/x-locale/redirect-overlay/button/a-sec-active-center._CB336786579_.png]
[images-na.ssl-images-amazon.com/images/G/01/x-locale/redirect-overlay/button/a-sec-active-right._CB336786578_.png]
[images-eu.ssl-images-amazon.com/images/G/02/x-locale/redirect-overlay/redirect-overlay-nav-https-20200206._CB422684285_.css]
[images-eu.ssl-images-amazon.com/images/I/11VbV++KhQL7f43.js]
[images-eu.ssl-images-amazon.com/images/I/11QVEVR-F9L0e08.js]
[images-eu.ssl-images-amazon.com/images/I/31BVuidgT8L.js]
[m.media-amazon.com/images/G/01/csm/showads.v2.js]
[www.amazon.co.uk/HP-15s-fq0024na-15-6-Inch-Laptop/dp/B083T1XB4B/GET.html]
[www.amazon.co.uk/HP-15s-fq0024na-15-6-Inch-Laptop/dp/B083T1XB4B/@c/@c/@c/index.html]
[www.amazon.co.uk/HP-15s-fq0024na-15-6-Inch-Laptop/dp/B083T1XB4B/@c/@c/@p/index.html]
[www.amazon.co.uk/HP-15s-fq0024na-15-6-Inch-Laptop/dp/B083T1XB4B/@c/@c/sp.load.html]
[www.amazon.co.uk/HP-15s-fq0024na-15-6-Inch-Laptop/dp/B083T1XB4B/@c/@c/sp.load.critical.html]
[www.amazon.co.uk/HP-15s-fq0024na-15-6-Inch-Laptop/dp/B083T1XB4B/@c/@c/index.html]
[www.amazon.co.uk/HP-15s-fq0024na-15-6-Inch-Laptop/dp/B083T1XB4B/@c/@c/POST.html]
[www.amazon.co.uk/HP-15s-fq0024na-15-6-Inch-Laptop/dp/B083T1XB4B/@c/@c/GET.html]
[www.amazon.co.uk/HP-15s-fq0024na-15-6-Inch-Laptop/dp/B083T1XB4B/@c/@p/sp.load.html]
[www.amazon.co.uk/HP-15s-fq0024na-15-6-Inch-Laptop/dp/B083T1XB4B/@c/@p/@c/index.html]
[www.amazon.co.uk/HP-15s-fq0024na-15-6-Inch-Laptop/dp/B083T1XB4B/@c/@p/@p/index.html]
[www.amazon.co.uk/HP-15s-fq0024na-15-6-Inch-Laptop/dp/B083T1XB4B/@c/@p/sp.load.critical.html]
[www.amazon.co.uk/HP-15s-fq0024na-15-6-Inch-Laptop/dp/B083T1XB4B/@c/@p/index.html]
[www.amazon.co.uk/HP-15s-fq0024na-15-6-Inch-Laptop/dp/B083T1XB4B/@c/sp.load.html]
[www.amazon.co.uk/HP-15s-fq0024na-15-6-Inch-Laptop/dp/B083T1XB4B/@c/@p/POST.html]
[www.amazon.co.uk/HP-15s-fq0024na-15-6-Inch-Laptop/dp/B083T1XB4B/@c/sp.load.critical.html]
[www.amazon.co.uk/HP-15s-fq0024na-15-6-Inch-Laptop/dp/B083T1XB4B/@c/POST.html]
[images-na.ssl-images-amazon.com/images/G/01/vap/video/airy2/prod/2.0.1460.0/images/transparent-pixel._TTW_.png]
[www.amazon.co.uk/HP-15s-fq0024na-15-6-Inch-Laptop/dp/B083T1XB4B/@c/@p/GET.html]
[images-na.ssl-images-amazon.com/images/G/01/vap/video/airy2/prod/2.0.1460.0/images/beacon._TTW_.png]
[images-na.ssl-images-amazon.com/images/G/01/vap/video/airy2/prod/2.0.1460.0/css/beacon._CB485971591_.css]
[www.amazon.co.uk/HP-15s-fq0024na-15-6-Inch-Laptop/dp/B083T1XB4B/@c/GET.html]
[www.amazon.co.uk/HP-15s-fq0024na-15-6-Inch-Laptop/dp/B083T1XB4B/@p/@c/sp.load.html]
[www.amazon.co.uk/HP-15s-fq0024na-15-6-Inch-Laptop/dp/B083T1XB4B/@p/@c/@c/index.html]
[www.amazon.co.uk/HP-15s-fq0024na-15-6-Inch-Laptop/dp/B083T1XB4B/@p/@c/@p/index.html]
[www.amazon.co.uk/HP-15s-fq0024na-15-6-Inch-Laptop/dp/B083T1XB4B/@p/@c/sp.load.critical.html]
[www.amazon.co.uk/HP-15s-fq0024na-15-6-Inch-Laptop/dp/B083T1XB4B/@p/@c/index.html]
[www.amazon.co.uk/HP-15s-fq0024na-15-6-Inch-Laptop/dp/B083T1XB4B/@p/@c/POST.html]
[www.amazon.co.uk/HP-15s-fq0024na-15-6-Inch-Laptop/dp/B083T1XB4B/@p/@c/GET.html]
[www.amazon.co.uk/HP-15s-fq0024na-15-6-Inch-Laptop/dp/B083T1XB4B/@p/@p/@c/index.html]
[www.amazon.co.uk/HP-15s-fq0024na-15-6-Inch-Laptop/dp/B083T1XB4B/@p/@p/sp.load.html]
[www.amazon.co.uk/HP-15s-fq0024na-15-6-Inch-Laptop/dp/B083T1XB4B/@p/@p/@p/index.html]
[www.amazon.co.uk/HP-15s-fq0024na-15-6-Inch-Laptop/dp/B083T1XB4B/@p/@p/sp.load.critical.html]
[www.amazon.co.uk/HP-15s-fq0024na-15-6-Inch-Laptop/dp/B083T1XB4B/@p/@p/index.html]
[www.amazon.co.uk/HP-15s-fq0024na-15-6-Inch-Laptop/dp/B083T1XB4B/@p/sp.load.html]
[m.media-amazon.com/images/I/61-6nKPKyWLdce7.js]
[m.media-amazon.com/images/I/51U6oQUnN6L4221.js]
[www.amazon.co.uk/HP-15s-fq0024na-15-6-Inch-Laptop/dp/B083T1XB4B/@p/@p/POST.html]
[www.amazon.co.uk/HP-15s-fq0024na-15-6-Inch-Laptop/dp/B083T1XB4B/@p/sp.load.critical.html]
[www.amazon.co.uk/HP-15s-fq0024na-15-6-Inch-Laptop/dp/B083T1XB4B/@p/POST.html]
[www.amazon.co.uk/HP-15s-fq0024na-15-6-Inch-Laptop/dp/B083T1XB4B/@p/GET.html]
[www.amazon.co.uk/HP-15s-fq0024na-15-6-Inch-Laptop/dp/B083T1XB4B/@p/@p/GET.html]
[www.amazon.co.uk/HP-15s-fq0024na-15-6-Inch-Laptop/dp/B083T1XB4B/Silk/sp.load.html]
[www.amazon.co.uk/HP-15s-fq0024na-15-6-Inch-Laptop/dp/B083T1XB4B/Silk/@c/index.html]
[www.amazon.co.uk/HP-15s-fq0024na-15-6-Inch-Laptop/dp/B083T1XB4B/Silk/@p/index.html]
[www.amazon.co.uk/HP-15s-fq0024na-15-6-Inch-Laptop/dp/B083T1XB4B/Silk/sp.load.critical.html]
[www.amazon.co.uk/HP-15s-fq0024na-15-6-Inch-Laptop/dp/B083T1XB4B/Silk/index.html]
[www.amazon.co.uk/HP-15s-fq0024na-15-6-Inch-Laptop/dp/B083T1XB4B/SET_ADD_TO_CART_URL.html]
[www.amazon.co.uk/HP-15s-fq0024na-15-6-Inch-Laptop/dp/B083T1XB4B/SET_IMAGE_UPLOAD_POLICY_URL.html]
[www.amazon.co.uk/HP-15s-fq0024na-15-6-Inch-Laptop/dp/B083T1XB4B/SET_ADD_TO_LIST_URL.html]
[www.amazon.co.uk/HP-15s-fq0024na-15-6-Inch-Laptop/dp/B083T1XB4B/SET_WISHLIST_URL.html]
[www.amazon.co.uk/HP-15s-fq0024na-15-6-Inch-Laptop/dp/B083T1XB4B/Silk/POST.html]
[www.amazon.co.uk/HP-15s-fq0024na-15-6-Inch-Laptop/dp/B083T1XB4B/Silk/GET.html]
[www.amazon.co.uk/HP-15s-fq0024na-15-6-Inch-Laptop/dp/B083T1XB4B/@c/@c/@c/@c/index.html]
[www.amazon.co.uk/HP-15s-fq0024na-15-6-Inch-Laptop/dp/B083T1XB4B/@c/@c/@c/@p/index.html]
[www.amazon.co.uk/HP-15s-fq0024na-15-6-Inch-Laptop/dp/B083T1XB4B/@c/@c/@c/sp.load.html]
[www.amazon.co.uk/HP-15s-fq0024na-15-6-Inch-Laptop/dp/B083T1XB4B/@c/@c/@c/sp.load.critical.html]
[www.amazon.co.uk/HP-15s-fq0024na-15-6-Inch-Laptop/dp/B083T1XB4B/@c/@c/@c/index.html]
[www.amazon.co.uk/HP-15s-fq0024na-15-6-Inch-Laptop/dp/B083T1XB4B/@c/@c/@c/GET.html]
[www.amazon.co.uk/HP-15s-fq0024na-15-6-Inch-Laptop/dp/B083T1XB4B/@c/@c/@c/POST.html]
[www.amazon.co.uk/HP-15s-fq0024na-15-6-Inch-Laptop/dp/B083T1XB4B/@c/@c/@p/@c/index.html]
[www.amazon.co.uk/HP-15s-fq0024na-15-6-Inch-Laptop/dp/B083T1XB4B/@c/@c/@p/@p/index.html]
[www.amazon.co.uk/HP-15s-fq0024na-15-6-Inch-Laptop/dp/B083T1XB4B/@c/@c/@p/sp.load.html]
[www.amazon.co.uk/HP-15s-fq0024na-15-6-Inch-Laptop/dp/B083T1XB4B/@c/@c/@p/index.html]
[www.amazon.co.uk/HP-15s-fq0024na-15-6-Inch-Laptop/dp/B083T1XB4B/@c/@c/sp.load.html]
[www.amazon.co.uk/HP-15s-fq0024na-15-6-Inch-Laptop/dp/B083T1XB4B/@c/@c/sp.load.critical.html]
[www.amazon.co.uk/HP-15s-fq0024na-15-6-Inch-Laptop/dp/B083T1XB4B/@c/@c/POST.html]
[www.amazon.co.uk/HP-15s-fq0024na-15-6-Inch-Laptop/dp/B083T1XB4B/@c/@c/GET.html]
[www.amazon.co.uk/HP-15s-fq0024na-15-6-Inch-Laptop/dp/B083T1XB4B/@c/@c/@p/sp.load.critical.html]
[www.amazon.co.uk/HP-15s-fq0024na-15-6-Inch-Laptop/dp/B083T1XB4B/@c/@c/@p/POST.html]
[www.amazon.co.uk/HP-15s-fq0024na-15-6-Inch-Laptop/dp/B083T1XB4B/@c/@c/@p/GET.html]
[www.amazon.co.uk/HP-15s-fq0024na-15-6-Inch-Laptop/dp/B083T1XB4B/@c/@p/@c/sp.load.html]
[www.amazon.co.uk/HP-15s-fq0024na-15-6-Inch-Laptop/dp/B083T1XB4B/@c/@p/@c/@c/index.html]
[www.amazon.co.uk/HP-15s-fq0024na-15-6-Inch-Laptop/dp/B083T1XB4B/@c/@p/@c/sp.load.critical.html]
[www.amazon.co.uk/HP-15s-fq0024na-15-6-Inch-Laptop/dp/B083T1XB4B/@c/@p/@c/index.html]
[www.amazon.co.uk/HP-15s-fq0024na-15-6-Inch-Laptop/dp/B083T1XB4B/@c/@p/@c/@p/index.html]
[www.amazon.co.uk/HP-15s-fq0024na-15-6-Inch-Laptop/dp/B083T1XB4B/@c/@p/@c/POST.html]
[www.amazon.co.uk/HP-15s-fq0024na-15-6-Inch-Laptop/dp/B083T1XB4B/@c/@p/@c/GET.html]
[www.amazon.co.uk/HP-15s-fq0024na-15-6-Inch-Laptop/dp/B083T1XB4B/@c/@p/@p/@c/index.html]
[www.amazon.co.uk/HP-15s-fq0024na-15-6-Inch-Laptop/dp/B083T1XB4B/@c/@p/@p/sp.load.html]
[www.amazon.co.uk/HP-15s-fq0024na-15-6-Inch-Laptop/dp/B083T1XB4B/@c/@p/@p/@p/index.html]
[www.amazon.co.uk/HP-15s-fq0024na-15-6-Inch-Laptop/dp/B083T1XB4B/@c/@p/@p/POST.html]
[www.amazon.co.uk/HP-15s-fq0024na-15-6-Inch-Laptop/dp/B083T1XB4B/@c/@p/@p/index.html]
[www.amazon.co.uk/HP-15s-fq0024na-15-6-Inch-Laptop/dp/B083T1XB4B/@c/@p/@p/sp.load.critical.html]
[www.amazon.co.uk/HP-15s-fq0024na-15-6-Inch-Laptop/dp/B083T1XB4B/@c/@p/sp.load.html]
[www.amazon.co.uk/HP-15s-fq0024na-15-6-Inch-Laptop/dp/B083T1XB4B/@c/@p/sp.load.critical.html]
[www.amazon.co.uk/HP-15s-fq0024na-15-6-Inch-Laptop/dp/B083T1XB4B/@c/@p/POST.html]
[www.amazon.co.uk/HP-15s-fq0024na-15-6-Inch-Laptop/dp/B083T1XB4B/@c/@p/GET.html]
[www.amazon.co.uk/HP-15s-fq0024na-15-6-Inch-Laptop/dp/B083T1XB4B/@c/@p/@p/GET.html]
[www.amazon.co.uk/HP-15s-fq0024na-15-6-Inch-Laptop/dp/B083T1XB4B/@p/@c/@c/sp.load.html]
[www.amazon.co.uk/HP-15s-fq0024na-15-6-Inch-Laptop/dp/B083T1XB4B/@p/@c/@c/@c/index.html]
[www.amazon.co.uk/HP-15s-fq0024na-15-6-Inch-Laptop/dp/B083T1XB4B/@p/@c/@c/@p/index.html]
[www.amazon.co.uk/HP-15s-fq0024na-15-6-Inch-Laptop/dp/B083T1XB4B/@p/@c/@c/sp.load.critical.html]
[www.amazon.co.uk/HP-15s-fq0024na-15-6-Inch-Laptop/dp/B083T1XB4B/@p/@c/@c/index.html]
[www.amazon.co.uk/HP-15s-fq0024na-15-6-Inch-Laptop/dp/B083T1XB4B/@p/@c/@c/POST.html]
[www.amazon.co.uk/HP-15s-fq0024na-15-6-Inch-Laptop/dp/B083T1XB4B/@p/@c/@c/GET.html]
[www.amazon.co.uk/HP-15s-fq0024na-15-6-Inch-Laptop/dp/B083T1XB4B/@p/@c/@p/@c/index.html]
[www.amazon.co.uk/HP-15s-fq0024na-15-6-Inch-Laptop/dp/B083T1XB4B/@p/@c/@p/sp.load.html]
[www.amazon.co.uk/HP-15s-fq0024na-15-6-Inch-Laptop/dp/B083T1XB4B/@p/@c/@p/@p/index.html]
[www.amazon.co.uk/HP-15s-fq0024na-15-6-Inch-Laptop/dp/B083T1XB4B/@p/@c/@p/sp.load.critical.html]
[www.amazon.co.uk/HP-15s-fq0024na-15-6-Inch-Laptop/dp/B083T1XB4B/@p/@c/@p/POST.html]
[www.amazon.co.uk/HP-15s-fq0024na-15-6-Inch-Laptop/dp/B083T1XB4B/@p/@c/@p/index.html]
[www.amazon.co.uk/HP-15s-fq0024na-15-6-Inch-Laptop/dp/B083T1XB4B/@p/@c/sp.load.html]
[www.amazon.co.uk/HP-15s-fq0024na-15-6-Inch-Laptop/dp/B083T1XB4B/@p/@c/sp.load.critical.html]
[www.amazon.co.uk/HP-15s-fq0024na-15-6-Inch-Laptop/dp/B083T1XB4B/@p/@c/POST.html]
[www.amazon.co.uk/HP-15s-fq0024na-15-6-Inch-Laptop/dp/B083T1XB4B/@p/@c/GET.html]
[www.amazon.co.uk/HP-15s-fq0024na-15-6-Inch-Laptop/dp/B083T1XB4B/@p/@c/@p/GET.html]
[www.amazon.co.uk/HP-15s-fq0024na-15-6-Inch-Laptop/dp/B083T1XB4B/@p/@p/@c/sp.load.html]
[www.amazon.co.uk/HP-15s-fq0024na-15-6-Inch-Laptop/dp/B083T1XB4B/@p/@p/@c/@c/index.html]
[www.amazon.co.uk/HP-15s-fq0024na-15-6-Inch-Laptop/dp/B083T1XB4B/@p/@p/@c/@p/index.html]
[www.amazon.co.uk/HP-15s-fq0024na-15-6-Inch-Laptop/dp/B083T1XB4B/@p/@p/@c/sp.load.critical.html]
[www.amazon.co.uk/HP-15s-fq0024na-15-6-Inch-Laptop/dp/B083T1XB4B/@p/@p/@c/POST.html]
[www.amazon.co.uk/HP-15s-fq0024na-15-6-Inch-Laptop/dp/B083T1XB4B/@p/@p/@c/index.html]
[www.amazon.co.uk/HP-15s-fq0024na-15-6-Inch-Laptop/dp/B083T1XB4B/@p/@p/@c/GET.html]
[www.amazon.co.uk/HP-15s-fq0024na-15-6-Inch-Laptop/dp/B083T1XB4B/@p/@p/@p/@c/index.html]
[www.amazon.co.uk/HP-15s-fq0024na-15-6-Inch-Laptop/dp/B083T1XB4B/@p/@p/@p/@p/index.html]
[www.amazon.co.uk/HP-15s-fq0024na-15-6-Inch-Laptop/dp/B083T1XB4B/@p/@p/@p/sp.load.html]
[www.amazon.co.uk/HP-15s-fq0024na-15-6-Inch-Laptop/dp/B083T1XB4B/@p/@p/@p/sp.load.critical.html]
[www.amazon.co.uk/HP-15s-fq0024na-15-6-Inch-Laptop/dp/B083T1XB4B/@p/@p/@p/POST.html]
[www.amazon.co.uk/HP-15s-fq0024na-15-6-Inch-Laptop/dp/B083T1XB4B/@p/@p/@p/index.html]
[www.amazon.co.uk/HP-15s-fq0024na-15-6-Inch-Laptop/dp/B083T1XB4B/@p/@p/sp.load.html]
[www.amazon.co.uk/HP-15s-fq0024na-15-6-Inch-Laptop/dp/B083T1XB4B/@p/@p/sp.load.critical.html]
[www.amazon.co.uk/HP-15s-fq0024na-15-6-Inch-Laptop/dp/B083T1XB4B/@p/@p/POST.html]
[www.amazon.co.uk/HP-15s-fq0024na-15-6-Inch-Laptop/dp/B083T1XB4B/@p/@p/GET.html]
[www.amazon.co.uk/HP-15s-fq0024na-15-6-Inch-Laptop/dp/B083T1XB4B/Silk/@c/index.html]
[www.amazon.co.uk/HP-15s-fq0024na-15-6-Inch-Laptop/dp/B083T1XB4B/Silk/@p/index.html]
[www.amazon.co.uk/HP-15s-fq0024na-15-6-Inch-Laptop/dp/B083T1XB4B/Silk/sp.load.html]
[www.amazon.co.uk/HP-15s-fq0024na-15-6-Inch-Laptop/dp/B083T1XB4B/Silk/sp.load.critical.html]
[www.amazon.co.uk/HP-15s-fq0024na-15-6-Inch-Laptop/dp/B083T1XB4B/Silk/POST.html]
[www.amazon.co.uk/HP-15s-fq0024na-15-6-Inch-Laptop/dp/B083T1XB4B/Silk/GET.html]
[www.amazon.co.uk/HP-15s-fq0024na-15-6-Inch-Laptop/dp/B083T1XB4B/@c/@c/@c/@c/index.html]
[www.amazon.co.uk/HP-15s-fq0024na-15-6-Inch-Laptop/dp/B083T1XB4B/@c/@c/@c/@p/index.html]
[www.amazon.co.uk/HP-15s-fq0024na-15-6-Inch-Laptop/dp/B083T1XB4B/@c/@c/@c/sp.load.html]
[www.amazon.co.uk/HP-15s-fq0024na-15-6-Inch-Laptop/dp/B083T1XB4B/@c/@c/@c/sp.load.critical.html]
[www.amazon.co.uk/HP-15s-fq0024na-15-6-Inch-Laptop/dp/B083T1XB4B/@c/@c/@c/POST.html]
[www.amazon.co.uk/HP-15s-fq0024na-15-6-Inch-Laptop/dp/B083T1XB4B/@c/@c/@c/GET.html]
[www.amazon.co.uk/HP-15s-fq0024na-15-6-Inch-Laptop/dp/B083T1XB4B/@c/@c/@p/@c/index.html]
[www.amazon.co.uk/HP-15s-fq0024na-15-6-Inch-Laptop/dp/B083T1XB4B/@c/@c/@p/@p/index.html]
[www.amazon.co.uk/HP-15s-fq0024na-15-6-Inch-Laptop/dp/B083T1XB4B/@c/@c/@p/sp.load.html]
[www.amazon.co.uk/HP-15s-fq0024na-15-6-Inch-Laptop/dp/B083T1XB4B/@c/@c/@p/sp.load.critical.html]
[www.amazon.co.uk/HP-15s-fq0024na-15-6-Inch-Laptop/dp/B083T1XB4B/@c/@c/@p/POST.html]
[www.amazon.co.uk/HP-15s-fq0024na-15-6-Inch-Laptop/dp/B083T1XB4B/@c/@c/@p/GET.html]
[www.amazon.co.uk/HP-15s-fq0024na-15-6-Inch-Laptop/dp/B083T1XB4B/@c/@p/@c/@c/index.html]
[www.amazon.co.uk/HP-15s-fq0024na-15-6-Inch-Laptop/dp/B083T1XB4B/@c/@p/@c/@p/index.html]
[www.amazon.co.uk/HP-15s-fq0024na-15-6-Inch-Laptop/dp/B083T1XB4B/@c/@p/@c/sp.load.html]
[www.amazon.co.uk/HP-15s-fq0024na-15-6-Inch-Laptop/dp/B083T1XB4B/@c/@p/@c/sp.load.critical.html]
[www.amazon.co.uk/HP-15s-fq0024na-15-6-Inch-Laptop/dp/B083T1XB4B/@c/@p/@c/POST.html]
[www.amazon.co.uk/HP-15s-fq0024na-15-6-Inch-Laptop/dp/B083T1XB4B/@c/@p/@c/GET.html]
[www.amazon.co.uk/HP-15s-fq0024na-15-6-Inch-Laptop/dp/B083T1XB4B/@c/@p/@p/@c/index.html]
[www.amazon.co.uk/HP-15s-fq0024na-15-6-Inch-Laptop/dp/B083T1XB4B/@c/@p/@p/@p/index.html]
[www.amazon.co.uk/HP-15s-fq0024na-15-6-Inch-Laptop/dp/B083T1XB4B/@c/@p/@p/sp.load.html]
[www.amazon.co.uk/HP-15s-fq0024na-15-6-Inch-Laptop/dp/B083T1XB4B/@c/@p/@p/sp.load.critical.html]
[www.amazon.co.uk/HP-15s-fq0024na-15-6-Inch-Laptop/dp/B083T1XB4B/@c/@p/@p/POST.html]
[www.amazon.co.uk/HP-15s-fq0024na-15-6-Inch-Laptop/dp/B083T1XB4B/@c/@p/@p/GET.html]
[www.amazon.co.uk/HP-15s-fq0024na-15-6-Inch-Laptop/dp/B083T1XB4B/@p/@c/@c/@c/index.html]
[www.amazon.co.uk/HP-15s-fq0024na-15-6-Inch-Laptop/dp/B083T1XB4B/@p/@c/@c/@p/index.html]
[www.amazon.co.uk/HP-15s-fq0024na-15-6-Inch-Laptop/dp/B083T1XB4B/@p/@c/@c/sp.load.html]
[www.amazon.co.uk/HP-15s-fq0024na-15-6-Inch-Laptop/dp/B083T1XB4B/@p/@c/@c/sp.load.critical.html]
[www.amazon.co.uk/HP-15s-fq0024na-15-6-Inch-Laptop/dp/B083T1XB4B/@p/@c/@c/POST.html]
[www.amazon.co.uk/HP-15s-fq0024na-15-6-Inch-Laptop/dp/B083T1XB4B/@p/@c/@c/GET.html]
[www.amazon.co.uk/HP-15s-fq0024na-15-6-Inch-Laptop/dp/B083T1XB4B/@p/@c/@p/@c/index.html]
[www.amazon.co.uk/HP-15s-fq0024na-15-6-Inch-Laptop/dp/B083T1XB4B/@p/@c/@p/@p/index.html]
[www.amazon.co.uk/HP-15s-fq0024na-15-6-Inch-Laptop/dp/B083T1XB4B/@p/@c/@p/sp.load.html]
[www.amazon.co.uk/HP-15s-fq0024na-15-6-Inch-Laptop/dp/B083T1XB4B/@p/@c/@p/sp.load.critical.html]
[www.amazon.co.uk/HP-15s-fq0024na-15-6-Inch-Laptop/dp/B083T1XB4B/@p/@c/@p/POST.html]
[www.amazon.co.uk/HP-15s-fq0024na-15-6-Inch-Laptop/dp/B083T1XB4B/@p/@c/@p/GET.html]
[www.amazon.co.uk/HP-15s-fq0024na-15-6-Inch-Laptop/dp/B083T1XB4B/@p/@p/@c/@c/index.html]
[www.amazon.co.uk/HP-15s-fq0024na-15-6-Inch-Laptop/dp/B083T1XB4B/@p/@p/@c/@p/index.html]
[www.amazon.co.uk/HP-15s-fq0024na-15-6-Inch-Laptop/dp/B083T1XB4B/@p/@p/@c/sp.load.html]
[www.amazon.co.uk/HP-15s-fq0024na-15-6-Inch-Laptop/dp/B083T1XB4B/@p/@p/@c/sp.load.critical.html]
[www.amazon.co.uk/HP-15s-fq0024na-15-6-Inch-Laptop/dp/B083T1XB4B/@p/@p/@c/POST.html]
[www.amazon.co.uk/HP-15s-fq0024na-15-6-Inch-Laptop/dp/B083T1XB4B/@p/@p/@c/GET.html]
[www.amazon.co.uk/HP-15s-fq0024na-15-6-Inch-Laptop/dp/B083T1XB4B/@p/@p/@p/@c/index.html]
[www.amazon.co.uk/HP-15s-fq0024na-15-6-Inch-Laptop/dp/B083T1XB4B/@p/@p/@p/@p/index.html]
[www.amazon.co.uk/HP-15s-fq0024na-15-6-Inch-Laptop/dp/B083T1XB4B/@p/@p/@p/sp.load.html]
[www.amazon.co.uk/HP-15s-fq0024na-15-6-Inch-Laptop/dp/B083T1XB4B/@p/@p/@p/sp.load.critical.html]
[www.amazon.co.uk/HP-15s-fq0024na-15-6-Inch-Laptop/dp/B083T1XB4B/@p/@p/@p/POST.html]
